// Jest Snapshot v1, https://goo.gl/fbAQLP

exports[`Cards rendered correctly 1`] = `
<div>
  <div
    className="container"
  >
    <div
      className="row cards"
    />
  </div>
  <div
    className="categories"
  >
    <button
      className="oneCategory book"
      onClick={[Function]}
    >
      book
    </button>
  </div>
  <div
    className="categories"
  >
    <button
      className="oneCategory clothing"
      onClick={[Function]}
    >
      clothing
    </button>
  </div>
</div>
`;
